tableData[0] = [Thoroughbred, Bay, 1.6, 3, true]
tableData[1] = [Thoroughbred, Grey, 1.55, 3, true]
tableData[2] = [Arabian horse, Bay, 1.51, 5, true]
tableData[3] = [Shetland Pony, Black, 1.01, 2, false]
tableData[4] = [Shire horse, Black, 1.71, 4, true]
